# Build command:
fpc -Mobjfpc -O1 .\FpGUIHello.lpr -FEtarget -oFpGUIHello.exe -FUtarget\units -Fu..\..\nexus\lib\fpgui\framework\src\main\pascal\corelib -Fu..\..\nexus\lib\fpgui\framework\src\main\pascal\corelib\gdi -Fu..\..\nexus\lib\fpgui\framework\src\main\pascal\corelib\render\software -Fu..\..\nexus\lib\fpgui\framework\src\main\pascal\gui -Fu..\..\nexus\lib\fpgui\framework\src\main\resources -Fitarget -Fi..\..\nexus\lib\fpgui\framework\src\main\pascal\corelib -Fi..\..\nexus\lib\fpgui\framework\src\main\pascal\corelib\gdi -Fi..\..\nexus\lib\fpgui\framework\src\main\pascal\corelib\render\software -Fi..\..\nexus\lib\fpgui\framework\src\main\pascal\gui -Fi..\..\nexus\lib\fpgui\framework\src\main\resources -dGDI -WG -gw -gl -O-

Free Pascal Compiler version 3.2.2 [2025/05/03] for x86_64
Copyright (c) 1993-2021 by Florian Klaempfl and others
Target OS: Win64 for x64
Compiling .\FpGUIHello.lpr
Compiling C:\gitdev\nexus\lib\fpgui\framework\src\main\pascal\corelib\fpg_base.pas
Compiling C:\gitdev\nexus\lib\fpgui\framework\src\main\pascal\corelib\gdi\fpg_impl.pas
Compiling C:\gitdev\nexus\lib\fpgui\framework\src\main\pascal\corelib\fpg_cmdlineparams.pas
Compiling C:\gitdev\nexus\lib\fpgui\framework\src\main\pascal\corelib\fpg_constants.pas
Writing Resource String Table file: fpg_constants.rsj
fpg_cmdlineparams.pas(213,19) Warning: function result variable of a managed type does not seem to be initialized
fpg_cmdlineparams.pas(216,33) Warning: Local variable "I" does not seem to be initialized
fpg_cmdlineparams.pas(279,10) Note: Local variable "SO" is assigned but never used
fpg_cmdlineparams.pas(477,21) Warning: function result variable of a managed type does not seem to be initialized
fpg_cmdlineparams.pas(94,17) Note: Private property "TfpgCmdLineParams.OptionChar" never used
Compiling C:\gitdev\nexus\lib\fpgui\framework\src\main\pascal\corelib\fpg_wakeChannel.pas
Compiling C:\gitdev\nexus\lib\fpgui\framework\src\main\pascal\corelib\fpg_main.pas
Compiling C:\gitdev\nexus\lib\fpgui\framework\src\main\pascal\corelib\gdi\fpg_interface.pas
Compiling C:\gitdev\nexus\lib\fpgui\framework\src\main\pascal\corelib\gdi\fpg_gdi.pas
Compiling C:\gitdev\nexus\lib\fpgui\framework\src\main\pascal\corelib\gdi\fpg_oledragdrop.pas
Compiling C:\gitdev\nexus\lib\fpgui\framework\src\main\pascal\corelib\fpg_main.pas
Compiling C:\gitdev\nexus\lib\fpgui\framework\src\main\pascal\corelib\gdi\fpg_interface.pas
Compiling C:\gitdev\nexus\lib\fpgui\framework\src\main\pascal\corelib\gdi\fpg_gdi.pas
Compiling C:\gitdev\nexus\lib\fpgui\framework\src\main\pascal\corelib\fpg_main.pas
Compiling C:\gitdev\nexus\lib\fpgui\framework\src\main\pascal\corelib\gdi\fpg_interface.pas
Compiling C:\gitdev\nexus\lib\fpgui\framework\src\main\pascal\corelib\gdi\fpg_gdi_buffer_manager.pas
Compiling C:\gitdev\nexus\lib\fpgui\framework\src\main\pascal\corelib\fpg_main.pas
Compiling C:\gitdev\nexus\lib\fpgui\framework\src\main\pascal\corelib\gdi\fpg_interface.pas
Compiling C:\gitdev\nexus\lib\fpgui\framework\src\main\pascal\corelib\render\software\fpg_hybrid_canvas.pas
Compiling C:\gitdev\nexus\lib\fpgui\framework\src\main\pascal\corelib\render\software\agg_2D.pas
Compiling C:\gitdev\nexus\lib\fpgui\framework\src\main\pascal\corelib\render\software\agg_basics.pas
agg_basics.pas(1143,2) Note: Local variable "flg" is assigned but never used
agg_basics.pas(1543,11) Note: Call to subroutine "function shr_int32(i:LongInt;shift:LongInt):LongInt;" marked as inline is not inlined
Compiling C:\gitdev\nexus\lib\fpgui\framework\src\main\pascal\corelib\render\software\agg_array.pas
Compiling C:\gitdev\nexus\lib\fpgui\framework\src\main\pascal\corelib\render\software\agg_trans_affine.pas
Compiling C:\gitdev\nexus\lib\fpgui\framework\src\main\pascal\corelib\render\software\agg_trans_viewport.pas
Compiling C:\gitdev\nexus\lib\fpgui\framework\src\main\pascal\corelib\render\software\agg_path_storage.pas
Compiling C:\gitdev\nexus\lib\fpgui\framework\src\main\pascal\corelib\render\software\agg_math.pas
Compiling C:\gitdev\nexus\lib\fpgui\framework\src\main\pascal\corelib\render\software\agg_vertex_sequence.pas
Compiling C:\gitdev\nexus\lib\fpgui\framework\src\main\pascal\corelib\render\software\agg_math.pas
Compiling C:\gitdev\nexus\lib\fpgui\framework\src\main\pascal\corelib\render\software\agg_bezier_arc.pas
Compiling C:\gitdev\nexus\lib\fpgui\framework\src\main\pascal\corelib\render\software\agg_vertex_source.pas
Compiling C:\gitdev\nexus\lib\fpgui\framework\src\main\pascal\corelib\render\software\agg_conv_stroke.pas
Compiling C:\gitdev\nexus\lib\fpgui\framework\src\main\pascal\corelib\render\software\agg_vcgen_stroke.pas
Compiling C:\gitdev\nexus\lib\fpgui\framework\src\main\pascal\corelib\render\software\agg_math_stroke.pas
Compiling C:\gitdev\nexus\lib\fpgui\framework\src\main\pascal\corelib\render\software\agg_shorten_path.pas
Compiling C:\gitdev\nexus\lib\fpgui\framework\src\main\pascal\corelib\render\software\agg_conv_adaptor_vcgen.pas
Compiling C:\gitdev\nexus\lib\fpgui\framework\src\main\pascal\corelib\render\software\agg_conv_transform.pas
Compiling C:\gitdev\nexus\lib\fpgui\framework\src\main\pascal\corelib\render\software\agg_conv_curve.pas
Compiling C:\gitdev\nexus\lib\fpgui\framework\src\main\pascal\corelib\render\software\agg_curves.pas
Compiling C:\gitdev\nexus\lib\fpgui\framework\src\main\pascal\corelib\render\software\agg_conv_dash.pas
Compiling C:\gitdev\nexus\lib\fpgui\framework\src\main\pascal\corelib\render\software\agg_vcgen_dash.pas
Compiling C:\gitdev\nexus\lib\fpgui\framework\src\main\pascal\corelib\render\software\agg_rendering_buffer.pas
Compiling C:\gitdev\nexus\lib\fpgui\framework\src\main\pascal\corelib\render\software\agg_renderer_base.pas
Compiling C:\gitdev\nexus\lib\fpgui\framework\src\main\pascal\corelib\render\software\agg_pixfmt.pas
Compiling C:\gitdev\nexus\lib\fpgui\framework\src\main\pascal\corelib\render\software\agg_color.pas
agg_renderer_base.pas(586,2) Note: User defined: renderer_base.span not implemented yet
Compiling C:\gitdev\nexus\lib\fpgui\framework\src\main\pascal\corelib\render\software\agg_renderer_scanline.pas
Compiling C:\gitdev\nexus\lib\fpgui\framework\src\main\pascal\corelib\render\software\agg_scanline.pas
Compiling C:\gitdev\nexus\lib\fpgui\framework\src\main\pascal\corelib\render\software\agg_scanline_p.pas
Compiling C:\gitdev\nexus\lib\fpgui\framework\src\main\pascal\corelib\render\software\agg_scanline_bin.pas
Compiling C:\gitdev\nexus\lib\fpgui\framework\src\main\pascal\corelib\render\software\agg_span_generator.pas
Compiling C:\gitdev\nexus\lib\fpgui\framework\src\main\pascal\corelib\render\software\agg_span_allocator.pas
Compiling C:\gitdev\nexus\lib\fpgui\framework\src\main\pascal\corelib\render\software\agg_rasterizer_scanline_aa.pas
Compiling C:\gitdev\nexus\lib\fpgui\framework\src\main\pascal\corelib\render\software\agg_gamma_functions.pas
Compiling C:\gitdev\nexus\lib\fpgui\framework\src\main\pascal\corelib\render\software\agg_clip_liang_barsky.pas
Compiling C:\gitdev\nexus\lib\fpgui\framework\src\main\pascal\corelib\render\software\agg_rasterizer_compound_aa.pas
Compiling C:\gitdev\nexus\lib\fpgui\framework\src\main\pascal\corelib\render\software\agg_rasterizer_cells_aa.pas
Compiling C:\gitdev\nexus\lib\fpgui\framework\src\main\pascal\corelib\render\software\agg_rasterizer_sl_clip.pas
Compiling C:\gitdev\nexus\lib\fpgui\framework\src\main\pascal\corelib\render\software\agg_span_gradient.pas
Compiling C:\gitdev\nexus\lib\fpgui\framework\src\main\pascal\corelib\render\software\agg_span_interpolator_linear.pas
Compiling C:\gitdev\nexus\lib\fpgui\framework\src\main\pascal\corelib\render\software\agg_dda_line.pas
Compiling C:\gitdev\nexus\lib\fpgui\framework\src\main\pascal\corelib\render\software\agg_span_image_filter_rgba.pas
Compiling C:\gitdev\nexus\lib\fpgui\framework\src\main\pascal\corelib\render\software\agg_image_filters.pas
Compiling C:\gitdev\nexus\lib\fpgui\framework\src\main\pascal\corelib\render\software\agg_span_image_filter.pas
Compiling C:\gitdev\nexus\lib\fpgui\framework\src\main\pascal\corelib\render\software\agg_span_image_resample_rgba.pas
Compiling C:\gitdev\nexus\lib\fpgui\framework\src\main\pascal\corelib\render\software\agg_span_image_resample.pas
Compiling C:\gitdev\nexus\lib\fpgui\framework\src\main\pascal\corelib\render\software\agg_span_converter.pas
Compiling C:\gitdev\nexus\lib\fpgui\framework\src\main\pascal\corelib\render\software\agg_scanline_u.pas
Compiling C:\gitdev\nexus\lib\fpgui\framework\src\main\pascal\corelib\render\software\agg_alpha_mask_u8.pas
Compiling C:\gitdev\nexus\lib\fpgui\framework\src\main\pascal\corelib\render\software\agg_arc.pas
Compiling C:\gitdev\nexus\lib\fpgui\framework\src\main\pascal\corelib\render\software\agg_rounded_rect.pas
Compiling C:\gitdev\nexus\lib\fpgui\framework\src\main\pascal\corelib\render\software\agg_font_engine.pas
Compiling C:\gitdev\nexus\lib\fpgui\framework\src\main\pascal\corelib\render\software\agg_scanline_storage_aa.pas
Compiling C:\gitdev\nexus\lib\fpgui\framework\src\main\pascal\corelib\render\software\agg_render_scanlines.pas
Compiling C:\gitdev\nexus\lib\fpgui\framework\src\main\pascal\corelib\render\software\agg_scanline_storage_bin.pas
Compiling C:\gitdev\nexus\lib\fpgui\framework\src\main\pascal\corelib\render\software\agg_path_storage_integer.pas
Compiling C:\gitdev\nexus\lib\fpgui\framework\src\main\pascal\corelib\render\software\agg_font_cache_manager.pas
Compiling C:\gitdev\nexus\lib\fpgui\framework\src\main\pascal\corelib\render\software\agg_pixfmt_rgba.pas
Compiling C:\gitdev\nexus\lib\fpgui\framework\src\main\pascal\corelib\render\software\agg_blur.pas
Compiling C:\gitdev\nexus\lib\fpgui\framework\src\main\pascal\corelib\render\software\agg_pixfmt_transposer.pas
Compiling C:\gitdev\nexus\lib\fpgui\framework\src\main\pascal\corelib\render\software\agg_font_win32_tt.pas
Compiling C:\gitdev\nexus\lib\fpgui\framework\src\main\pascal\corelib\render\software\agg_bitset_iterator.pas
agg_2D.pas(771,2) Note: Local variable "pixf" not used
agg_2D.pas(783,2) Note: Local variable "pixf" not used
Compiling C:\gitdev\nexus\lib\fpgui\framework\src\main\pascal\corelib\fpg_main.pas
Compiling C:\gitdev\nexus\lib\fpgui\framework\src\main\pascal\corelib\fpg_fontmanager.pas
Compiling C:\gitdev\nexus\lib\fpgui\framework\src\main\pascal\corelib\fpg_main.pas
Compiling C:\gitdev\nexus\lib\fpgui\framework\src\main\pascal\corelib\fpg_imgfmt_bmp.pas
Compiling C:\gitdev\nexus\lib\fpgui\framework\src\main\pascal\corelib\fpg_utils.pas
Compiling C:\gitdev\nexus\lib\fpgui\framework\src\main\pascal\corelib\fpg_stringutils.pas
fpg_utils.pas(260,25) Warning: Symbol "faHidden" is not portable
Compiling C:\gitdev\nexus\lib\fpgui\framework\src\main\pascal\corelib\fpg_imgfmt_png.pas
Compiling C:\gitdev\nexus\lib\fpgui\framework\src\main\pascal\corelib\fpg_iconstore.pas
Compiling C:\gitdev\nexus\lib\fpgui\framework\src\main\pascal\corelib\fpg_hvif.pas
Compiling C:\gitdev\nexus\lib\fpgui\framework\src\main\pascal\corelib\fpg_hvif_model.pas
fpg_hvif.pas(1108,17) Warning: Constructing a class "scanline_u8" with abstract method "init"
fpg_hvif.pas(1108,17) Warning: Constructing a class "scanline_u8" with abstract method "setup"
fpg_hvif.pas(1109,18) Warning: Constructing a class "scanline_bin" with abstract method "add_cells"
fpg_hvif.pas(1109,18) Warning: Constructing a class "scanline_bin" with abstract method "init"
fpg_hvif.pas(1109,18) Warning: Constructing a class "scanline_bin" with abstract method "setup"
fpg_hvif.pas(1172,33) Warning: Constructing a class "span_gradient" with abstract method "operator_array"
fpg_hvif.pas(1180,31) Warning: Constructing a class "span_gradient" with abstract method "operator_array"
fpg_hvif.pas(1188,31) Warning: Constructing a class "span_gradient" with abstract method "operator_array"
fpg_hvif.pas(1196,31) Warning: Constructing a class "span_gradient" with abstract method "operator_array"
fpg_hvif.pas(1204,31) Warning: Constructing a class "span_gradient" with abstract method "operator_array"
fpg_hvif.pas(1212,31) Warning: Constructing a class "span_gradient" with abstract method "operator_array"
fpg_hvif.pas(1237,15) Warning: Constructing a class "path_storage" with abstract method "operator_array"
fpg_hvif.pas(1238,23) Warning: Constructing a class "conv_curve" with abstract method "operator_array"
fpg_hvif.pas(1238,23) Warning: Constructing a class "conv_curve" with abstract method "reset"
fpg_hvif.pas(1239,27) Warning: Constructing a class "conv_stroke" with abstract method "operator_array"
fpg_hvif.pas(1300,53) Warning: Constructing a class "conv_transform" with abstract method "operator_array"
fpg_hvif.pas(1305,45) Warning: Constructing a class "conv_transform" with abstract method "operator_array"
Compiling C:\gitdev\nexus\lib\fpgui\framework\src\main\pascal\corelib\fpg_stdicons.pas
Compiling C:\gitdev\nexus\lib\fpgui\framework\src\main\pascal\corelib\fpg_stdimages.pas
stdimages.inc(2243,3) Note: Local variable "stdimg_bevel" not used
fpg_stdimages.pas(53,3) Note: Local variable "RadioMaskData" not used
fpg_stdimages.pas(58,3) Note: Local variable "ArrowBitmapData" not used
Compiling C:\gitdev\nexus\lib\fpgui\framework\src\main\pascal\corelib\fpg_translations.pas
Compiling C:\gitdev\nexus\lib\fpgui\framework\src\main\pascal\corelib\fpg_pofiles.pas
Compiling C:\gitdev\nexus\lib\fpgui\framework\src\main\pascal\corelib\fpg_widget.pas
Compiling C:\gitdev\nexus\lib\fpgui\framework\src\main\pascal\corelib\fpg_layouttypes.pas
Compiling C:\gitdev\nexus\lib\fpgui\framework\src\main\pascal\gui\fpg_menu.pas
Compiling C:\gitdev\nexus\lib\fpgui\framework\src\main\pascal\corelib\fpg_popupwindow.pas
Compiling C:\gitdev\nexus\lib\fpgui\framework\src\main\pascal\gui\fpg_window.pas
Compiling C:\gitdev\nexus\lib\fpgui\framework\src\main\pascal\corelib\fpg_command_intf.pas
fpg_menu.pas(790,8) Note: User defined: Should UpperCase take note of UTF-8? 
fpg_menu.pas(1076,61) Warning: Symbol "DrawButtonFace" is deprecated: "Use fpgStyle instead. Since: 2026-04-01"
fpg_menu.pas(1272,8) Note: User defined: Do we need to use UTF-8 upper case? 
fpg_menu.pas(1436,2) Note: User defined: See if we can move this to HandleHide + not make Close virtual! 
fpg_menu.pas(151,5) Note: Private field "TfpgMenuBar.FLightColor" is never used
fpg_menu.pas(152,5) Note: Private field "TfpgMenuBar.FDarkColor" is never used
Compiling C:\gitdev\nexus\lib\fpgui\framework\src\main\pascal\gui\fpg_form.pas
Compiling C:\gitdev\nexus\lib\fpgui\framework\src\main\pascal\gui\fpg_toolbox.pas
Compiling C:\gitdev\nexus\lib\fpgui\framework\src\main\pascal\gui\fpg_basegrid.pas
Compiling C:\gitdev\nexus\lib\fpgui\framework\src\main\pascal\gui\fpg_scrollbar.pas
fpg_scrollbar.pas(341,69) Warning: Symbol "DrawButtonFace" is deprecated: "Use fpgStyle instead. Since: 2026-04-01"
fpg_scrollbar.pas(347,55) Warning: Symbol "DrawButtonFace" is deprecated: "Use fpgStyle instead. Since: 2026-04-01"
fpg_scrollbar.pas(447,3) Warning: Symbol "DrawButtonFace" is deprecated: "Use fpgStyle instead. Since: 2026-04-01"
fpg_scrollbar.pas(448,102) Warning: Symbol "DrawButtonFace" is deprecated: "Use fpgStyle instead. Since: 2026-04-01"
fpg_basegrid.pas(93,17) Warning: An inherited method is hidden by "SetFontDesc(const AnsiString);"
fpg_basegrid.pas(549,23) Warning: Function result does not seem to be set
fpg_basegrid.pas(559,23) Warning: Function result does not seem to be set
fpg_basegrid.pas(625,56) Warning: Symbol "DrawButtonFace" is deprecated: "Use fpgStyle instead. Since: 2026-04-01"
fpg_basegrid.pas(630,34) Warning: Symbol "DrawBevel" is deprecated: "Use fpgStyle instead. Since: 2026-04-01"
fpg_toolbox.pas(108,54) Warning: Symbol "Screen_dpi_x" is deprecated: "Use fpgApplication.Desktop instead [2026-03-03]"
fpg_toolbox.pas(113,54) Warning: Symbol "Screen_dpi_y" is deprecated: "Use fpgApplication.Desktop instead [2026-03-03]"
fpg_toolbox.pas(120,54) Warning: Symbol "Screen_dpi_y" is deprecated: "Use fpgApplication.Desktop instead [2026-03-03]"
Compiling C:\gitdev\nexus\lib\fpgui\framework\src\main\pascal\corelib\fpg_accelerator_intf.pas
Compiling C:\gitdev\nexus\lib\fpgui\framework\src\main\pascal\gui\fpg_dialogs.pas
Compiling C:\gitdev\nexus\lib\fpgui\framework\src\main\pascal\gui\fpg_button.pas
fpg_button.pas(204,14) Note: User defined: Try and remove this fpg_form dependency.
Compiling C:\gitdev\nexus\lib\fpgui\framework\src\main\pascal\gui\fpg_label.pas
fpg_label.pas(47,17) Warning: An inherited method is hidden by "SetFontDesc(const AnsiString);"
Compiling C:\gitdev\nexus\lib\fpgui\framework\src\main\pascal\gui\fpg_listbox.pas
fpg_listbox.pas(61,17) Warning: An inherited method is hidden by "SetFontDesc(const AnsiString);"
Compiling C:\gitdev\nexus\lib\fpgui\framework\src\main\pascal\gui\fpg_checkbox.pas
Compiling C:\gitdev\nexus\lib\fpgui\framework\src\main\pascal\gui\fpg_edit.pas
Compiling C:\gitdev\nexus\lib\fpgui\framework\src\main\pascal\gui\fpg_dialogs.pas
Compiling C:\gitdev\nexus\lib\fpgui\framework\src\main\pascal\gui\fpg_grid.pas
Compiling C:\gitdev\nexus\lib\fpgui\framework\src\main\pascal\gui\fpg_customgrid.pas
Compiling C:\gitdev\nexus\lib\fpgui\framework\src\main\pascal\gui\fpg_combobox.pas
fpg_combobox.pas(108,53) Note: User defined: Make this read/write 
fpg_combobox.pas(77,17) Warning: An inherited method is hidden by "SetFontDesc(const AnsiString);"
Compiling C:\gitdev\nexus\lib\fpgui\framework\src\main\pascal\gui\fpg_panel.pas
fpg_panel.pas(131,17) Warning: An inherited method is hidden by "SetFontDesc(const AnsiString);"
fpg_panel.pas(188,17) Warning: An inherited method is hidden by "SetFontDesc(const AnsiString);"
Compiling C:\gitdev\nexus\lib\fpgui\framework\src\main\pascal\gui\fpg_memo.pas
fpg_memo.pas(71,17) Warning: An inherited method is hidden by "SetFontDesc(const AnsiString);"
Compiling C:\gitdev\nexus\lib\fpgui\framework\src\main\pascal\gui\fpg_dialogs.pas
Compiling C:\gitdev\nexus\lib\fpgui\framework\src\main\pascal\gui\fpg_tree.pas
Compiling C:\gitdev\nexus\lib\fpgui\framework\src\main\pascal\corelib\fpg_imagelist.pas
fpg_tree.pas(180,17) Warning: An inherited method is hidden by "SetFontDesc(const AnsiString);"
fpg_tree.pas(1325,3) Note: Local variable "OldVPos" is assigned but never used
fpg_tree.pas(1325,12) Note: Local variable "OldHPos" is assigned but never used
fpg_tree.pas(1928,48) Warning: Symbol "DrawButtonFace" is deprecated: "Use fpgStyle instead. Since: 2026-04-01"
Compiling C:\gitdev\nexus\lib\fpgui\framework\src\main\pascal\gui\fpg_colorwheel.pas
Compiling C:\gitdev\nexus\lib\fpgui\framework\src\main\pascal\gui\fpg_colormapping.pas
Compiling C:\gitdev\nexus\lib\fpgui\framework\src\main\pascal\gui\fpg_spinedit.pas
fpg_spinedit.pas(115,15) Warning: An inherited method is hidden by "SetFontDesc(const AnsiString);"
fpg_spinedit.pas(188,17) Warning: An inherited method is hidden by "SetFontDesc(const AnsiString);"
Compiling C:\gitdev\nexus\lib\fpgui\framework\src\main\pascal\corelib\fpg_extgraphics.pas
Compiling C:\gitdev\nexus\lib\fpgui\framework\src\main\pascal\gui\fpg_tab.pas
fpg_tab.pas(131,17) Warning: An inherited method is hidden by "SetFontDesc(AnsiString);"
fpg_tab.pas(1205,6) Note: User defined: TODO: This text needs to become a resource string 
Compiling C:\gitdev\nexus\lib\fpgui\framework\src\main\pascal\gui\fpg_iniutils.pas
Compiling C:\gitdev\nexus\lib\fpgui\framework\src\main\pascal\corelib\fpg_miglayout.pas
Compiling C:\gitdev\nexus\lib\fpgui\framework\src\main\pascal\corelib\fpg_layoutmanager.pas
generics.collections.pas(1186,20) Note: Call to subroutine "function TEnumerable<fpg_base.TfpgWidgetBase>.GetEnumerator:TEnumerator$1<FPG_BASE.TfpgWidgetBase>;" marked as inline is not inlined
generics.collections.pas(1186,20) Note: Call to subroutine "function TEnumerable<fpg_layouttypes.TfpgLayoutConstraint>.GetEnumerator:TEnumerator$1<FPG_LAYOUTTYPES.TfpgLayoutConstraint>;" marked as inline is not inlined
generics.collections.pas(1186,20) Note: Call to subroutine "function TEnumerable<fpg_layoutmanager.TPair<fpg_base.TfpgWidgetBase,fpg_layouttypes.TfpgLayoutConstraint>>.GetEnumerator:TEnumerator$1<FPG_LAYOUTMANAGER.TPair$2<FPG_BASE.TfpgWidgetBase,FPG_LAYOUTTYPES.TfpgLayoutConstraint>>;" marked as inline is not inlined
generics.dictionaries.inc(191,92) Warning: Constructing a class "TCustomDictionaryEnumerator$4$crcEF4950D0" with abstract method "DoMoveNext"
generics.dictionaries.inc(191,92) Warning: Constructing a class "TCustomDictionaryEnumerator$4$crcEF4950D0" with abstract method "GetCurrent"
generics.dictionaries.inc(191,92) Warning: Constructing a class "TCustomDictionaryEnumerator$4$crcF82E9DFE" with abstract method "DoMoveNext"
generics.dictionaries.inc(191,92) Warning: Constructing a class "TCustomDictionaryEnumerator$4$crcF82E9DFE" with abstract method "GetCurrent"
generics.collections.pas(144,52) Note: Private type "TCustomPointersEnumerator$2<FPG_BASE.TfpgWidgetBase,FPG_LAYOUTMANAGER.TCustomList$1$crcB7B94198.PT>.T" never used
generics.collections.pas(144,52) Note: Private type "TCustomPointersEnumerator$2<FPG_LAYOUTTYPES.TfpgLayoutConstraint,FPG_LAYOUTMANAGER.TCustomList$1$crcDBB80EDF.PT>.T" never used
generics.collections.pas(144,52) Note: Private type "TCustomPointersEnumerator$2<FPG_LAYOUTMANAGER.TPair$2<FPG_BASE.TfpgWidgetBase,FPG_LAYOUTTYPES.TfpgLayoutConstraint>,FPG_LAYOUTMANAGER.TCustomList$1$crcE87670A1.PT>.T" never used
Compiling C:\gitdev\nexus\lib\fpgui\framework\src\main\pascal\corelib\fpg_migconstraint.pas
Compiling C:\gitdev\nexus\lib\fpgui\framework\src\main\pascal\corelib\fpg_mig_lc.pas
Compiling C:\gitdev\nexus\lib\fpgui\framework\src\main\pascal\corelib\fpg_mig_unitvalue.pas
Compiling C:\gitdev\nexus\lib\fpgui\framework\src\main\pascal\corelib\fpg_mig_platformdefaults.pas
Compiling C:\gitdev\nexus\lib\fpgui\framework\src\main\pascal\corelib\fpg_mig_boundsize.pas
fpg_mig_unitvalue.pas(330,11) Warning: Symbol "Screen_dpi_x" is deprecated: "Use fpgApplication.Desktop instead [2026-03-03]"
fpg_mig_unitvalue.pas(331,47) Warning: Symbol "Screen_dpi_y" is deprecated: "Use fpgApplication.Desktop instead [2026-03-03]"
fpg_mig_unitvalue.pas(309,3) Note: Local variable "compName" is assigned but never used
fpg_mig_unitvalue.pas(310,3) Note: Local variable "debugUnitStr" is assigned but never used
Compiling C:\gitdev\nexus\lib\fpgui\framework\src\main\pascal\corelib\fpg_mig_hidemode.pas
Compiling C:\gitdev\nexus\lib\fpgui\framework\src\main\pascal\corelib\fpg_mig_constraintparser.pas
fpg_mig_constraintparser.pas(96,21) Warning: function result variable of a managed type does not seem to be initialized
fpg_mig_constraintparser.pas(146,23) Warning: function result variable of a managed type does not seem to be initialized
fpg_mig_constraintparser.pas(522,19) Warning: function result variable of a managed type does not seem to be initialized
fpg_mig_constraintparser.pas(520,3) Note: Local variable "defaultInset" not used
fpg_mig_lc.pas(262,19) Warning: function result variable of a managed type does not seem to be initialized
Compiling C:\gitdev\nexus\lib\fpgui\framework\src\main\pascal\corelib\fpg_mig_ac.pas
Compiling C:\gitdev\nexus\lib\fpgui\framework\src\main\pascal\corelib\fpg_mig_dimconstraint.pas
Compiling C:\gitdev\nexus\lib\fpgui\framework\src\main\pascal\corelib\fpg_mig_resizeconstraint.pas
Compiling C:\gitdev\nexus\lib\fpgui\framework\src\main\pascal\corelib\fpg_mig_layoututil.pas
Compiling C:\gitdev\nexus\lib\fpgui\framework\src\main\pascal\corelib\fpg_mig_ac.pas
fpg_mig_ac.pas(318,19) Warning: function result variable of a managed type does not seem to be initialized
generics.collections.pas(1186,20) Note: Call to subroutine "function TEnumerable<System.LongInt>.GetEnumerator:TEnumerator$1<SYSTEM.LongInt>;" marked as inline is not inlined
fpg_mig_layoututil.pas(484,21) Warning: function result variable of a managed type does not seem to be initialized
fpg_mig_layoututil.pas(558,19) Warning: function result variable of a managed type does not seem to be initialized
generics.collections.pas(144,52) Note: Private type "TCustomPointersEnumerator$2<SYSTEM.LongInt,FPG_MIG_LAYOUTUTIL.TCustomList$1$crc9F312717.PT>.T" never used
fpg_mig_dimconstraint.pas(388,23) Warning: function result variable of a managed type does not seem to be initialized
Compiling C:\gitdev\nexus\lib\fpgui\framework\src\main\pascal\corelib\fpg_mig_cc.pas
fpg_mig_cc.pas(941,20) Warning: Function result does not seem to be set
generics.collections.pas(1186,20) Note: Call to subroutine "function TEnumerable<fpg_miglayout.TfpgMigCompWrap>.GetEnumerator:TEnumerator$1<FPG_MIGLAYOUT.TfpgMigCompWrap>;" marked as inline is not inlined
generics.collections.pas(1186,20) Note: Call to subroutine "function TEnumerable<fpg_miglayout.TfpgMigCell>.GetEnumerator:TEnumerator$1<FPG_MIGLAYOUT.TfpgMigCell>;" marked as inline is not inlined
generics.collections.pas(1186,20) Note: Call to subroutine "function TEnumerable<fpg_miglayout.TfpgMigLinkedDimGroup>.GetEnumerator:TEnumerator$1<FPG_MIGLAYOUT.TfpgMigLinkedDimGroup>;" marked as inline is not inlined
generics.collections.pas(1186,20) Note: Call to subroutine "function TEnumerable<System.LongInt>.GetEnumerator:TEnumerator$1<SYSTEM.LongInt>;" marked as inline is not inlined
generics.collections.pas(1186,20) Note: Call to subroutine "function TEnumerable<fpg_miglayout.TPair<System.LongInt,fpg_miglayout.TfpgMigCell>>.GetEnumerator:TEnumerator$1<FPG_MIGLAYOUT.TPair$2<SYSTEM.LongInt,FPG_MIGLAYOUT.TfpgMigCell>>;" marked as inline is not inlined
generics.dictionaries.inc(191,92) Warning: Constructing a class "TCustomDictionaryEnumerator$4$crc79BC64B0" with abstract method "DoMoveNext"
generics.dictionaries.inc(191,92) Warning: Constructing a class "TCustomDictionaryEnumerator$4$crc79BC64B0" with abstract method "GetCurrent"
generics.dictionaries.inc(191,92) Warning: Constructing a class "TCustomDictionaryEnumerator$4$crc60A45014" with abstract method "DoMoveNext"
generics.dictionaries.inc(191,92) Warning: Constructing a class "TCustomDictionaryEnumerator$4$crc60A45014" with abstract method "GetCurrent"
generics.collections.pas(1186,20) Note: Call to subroutine "function TEnumerable<System.Boolean>.GetEnumerator:TEnumerator$1<SYSTEM.Boolean>;" marked as inline is not inlined
generics.collections.pas(1186,20) Note: Call to subroutine "function TEnumerable<fpg_miglayout.TPair<System.LongInt,System.Boolean>>.GetEnumerator:TEnumerator$1<FPG_MIGLAYOUT.TPair$2<SYSTEM.LongInt,SYSTEM.Boolean>>;" marked as inline is not inlined
generics.dictionaries.inc(191,92) Warning: Constructing a class "TCustomDictionaryEnumerator$4$crcF5BC4EB7" with abstract method "DoMoveNext"
generics.dictionaries.inc(191,92) Warning: Constructing a class "TCustomDictionaryEnumerator$4$crcF5BC4EB7" with abstract method "GetCurrent"
generics.dictionaries.inc(191,92) Warning: Constructing a class "TCustomDictionaryEnumerator$4$crc5FAFAB4B" with abstract method "DoMoveNext"
generics.dictionaries.inc(191,92) Warning: Constructing a class "TCustomDictionaryEnumerator$4$crc5FAFAB4B" with abstract method "GetCurrent"
generics.collections.pas(1186,20) Note: Call to subroutine "function TEnumerable<fpg_base.TfpgWidgetBase>.GetEnumerator:TEnumerator$1<FPG_BASE.TfpgWidgetBase>;" marked as inline is not inlined
generics.collections.pas(1186,20) Note: Call to subroutine "function TEnumerable<fpg_mig_cc.TfpgMigCC>.GetEnumerator:TEnumerator$1<FPG_MIG_CC.TfpgMigCC>;" marked as inline is not inlined
generics.collections.pas(1186,20) Note: Call to subroutine "function TEnumerable<fpg_miglayout.TPair<fpg_base.TfpgWidgetBase,fpg_mig_cc.TfpgMigCC>>.GetEnumerator:TEnumerator$1<FPG_MIGLAYOUT.TPair$2<FPG_BASE.TfpgWidgetBase,FPG_MIG_CC.TfpgMigCC>>;" marked as inline is not inlined
generics.dictionaries.inc(191,92) Warning: Constructing a class "TCustomDictionaryEnumerator$4$crcBFDBA2BA" with abstract method "DoMoveNext"
generics.dictionaries.inc(191,92) Warning: Constructing a class "TCustomDictionaryEnumerator$4$crcBFDBA2BA" with abstract method "GetCurrent"
generics.dictionaries.inc(191,92) Warning: Constructing a class "TCustomDictionaryEnumerator$4$crc85C73A7F" with abstract method "DoMoveNext"
generics.dictionaries.inc(191,92) Warning: Constructing a class "TCustomDictionaryEnumerator$4$crc85C73A7F" with abstract method "GetCurrent"
generics.collections.pas(1186,20) Note: Call to subroutine "function TEnumerable<fpg_base.TfpgRect>.GetEnumerator:TEnumerator$1<FPG_BASE.TfpgRect>;" marked as inline is not inlined
fpg_miglayout.pas(465,3) Note: Local variable "hBS" not used
fpg_miglayout.pas(465,8) Note: Local variable "vBS" not used
fpg_miglayout.pas(990,19) Warning: function result variable of a managed type does not seem to be initialized
fpg_miglayout.pas(2363,19) Warning: function result variable of a managed type does not seem to be initialized
fpg_miglayout.pas(2600,25) Warning: function result variable of a managed type does not seem to be initialized
fpg_miglayout.pas(2712,19) Warning: function result variable of a managed type does not seem to be initialized
fpg_miglayout.pas(2683,3) Note: Local variable "dc" is assigned but never used
fpg_miglayout.pas(3156,6) Note: Local variable "j" not used
fpg_miglayout.pas(3308,19) Warning: function result variable of a managed type does not seem to be initialized
fpg_miglayout.pas(3359,19) Warning: function result variable of a managed type does not seem to be initialized
fpg_miglayout.pas(3374,19) Warning: function result variable of a managed type does not seem to be initialized
fpg_miglayout.pas(3396,19) Warning: function result variable of a managed type does not seem to be initialized
fpg_miglayout.pas(3437,21) Warning: function result variable of a managed type does not seem to be initialized
fpg_miglayout.pas(3507,19) Warning: function result variable of a managed type does not seem to be initialized
fpg_miglayout.pas(3516,19) Warning: function result variable of a managed type does not seem to be initialized
generics.collections.pas(144,52) Note: Private type "TCustomPointersEnumerator$2<FPG_MIGLAYOUT.TfpgMigCompWrap,FPG_MIGLAYOUT.TCustomList$1$crc49278A57.PT>.T" never used
generics.collections.pas(144,52) Note: Private type "TCustomPointersEnumerator$2<FPG_MIGLAYOUT.TfpgMigCell,FPG_MIGLAYOUT.TCustomList$1$crc3E20BAC1.PT>.T" never used
generics.collections.pas(144,52) Note: Private type "TCustomPointersEnumerator$2<FPG_MIGLAYOUT.TfpgMigLinkedDimGroup,FPG_MIGLAYOUT.TCustomList$1$crcA729EB7B.PT>.T" never used
generics.collections.pas(144,52) Note: Private type "TCustomPointersEnumerator$2<SYSTEM.LongInt,FPG_MIGLAYOUT.TCustomList$1$crc9F312717.PT>.T" never used
generics.collections.pas(144,52) Note: Private type "TCustomPointersEnumerator$2<FPG_BASE.TfpgWidgetBase,FPG_MIGLAYOUT.TCustomList$1$crcB7B94198.PT>.T" never used
generics.collections.pas(144,52) Note: Private type "TCustomPointersEnumerator$2<FPG_BASE.TfpgRect,FPG_MIGLAYOUT.TCustomList$1$crc7EB5611E.PT>.T" never used
generics.collections.pas(144,52) Note: Private type "TCustomPointersEnumerator$2<FPG_MIGLAYOUT.TPair$2<SYSTEM.LongInt,FPG_MIGLAYOUT.TfpgMigCell>,FPG_MIGLAYOUT.TCustomList$1$crc3A39D222.PT>.T" never used
generics.collections.pas(144,52) Note: Private type "TCustomPointersEnumerator$2<SYSTEM.Boolean,FPG_MIGLAYOUT.TCustomList$1$crc0155B2B4.PT>.T" never used
generics.collections.pas(144,52) Note: Private type "TCustomPointersEnumerator$2<FPG_MIGLAYOUT.TPair$2<SYSTEM.LongInt,SYSTEM.Boolean>,FPG_MIGLAYOUT.TCustomList$1$crc8E2D28F2.PT>.T" never used
generics.collections.pas(144,52) Note: Private type "TCustomPointersEnumerator$2<FPG_MIG_CC.TfpgMigCC,FPG_MIGLAYOUT.TCustomList$1$crc3ECB8D7A.PT>.T" never used
generics.collections.pas(144,52) Note: Private type "TCustomPointersEnumerator$2<FPG_MIGLAYOUT.TPair$2<FPG_BASE.TfpgWidgetBase,FPG_MIG_CC.TfpgMigCC>,FPG_MIGLAYOUT.TCustomList$1$crcD33E1BD2.PT>.T" never used
fpg_dialogs.pas(97,17) Warning: An inherited method is hidden by "SetFontDesc(const AnsiString);"
fpg_dialogs.pas(148,17) Warning: An inherited method is hidden by "SetFontDesc(AnsiString);"
fpg_dialogs.pas(183,17) Warning: An inherited method is hidden by "SetFontDesc(const AnsiString);"
fpg_dialogs.pas(908,30) Warning: Symbol "SetPosition" is deprecated: "Use Left, Top, Width, Height properties instead"
fpg_dialogs.pas(918,33) Warning: Symbol "SetPosition" is deprecated: "Use Left, Top, Width, Height properties instead"
fpg_dialogs.pas(936,32) Warning: Symbol "SetPosition" is deprecated: "Use Left, Top, Width, Height properties instead"
fpg_dialogs.pas(945,35) Warning: Symbol "SetPosition" is deprecated: "Use Left, Top, Width, Height properties instead"
fpg_dialogs.pas(954,32) Warning: Symbol "SetPosition" is deprecated: "Use Left, Top, Width, Height properties instead"
fpg_dialogs.pas(963,34) Warning: Symbol "SetPosition" is deprecated: "Use Left, Top, Width, Height properties instead"
fpg_dialogs.pas(991,32) Warning: Symbol "SetPosition" is deprecated: "Use Left, Top, Width, Height properties instead"
fpg_dialogs.pas(999,34) Warning: Symbol "SetPosition" is deprecated: "Use Left, Top, Width, Height properties instead"
fpg_dialogs.pas(1007,34) Warning: Symbol "SetPosition" is deprecated: "Use Left, Top, Width, Height properties instead"
fpg_dialogs.pas(1015,34) Warning: Symbol "SetPosition" is deprecated: "Use Left, Top, Width, Height properties instead"
fpg_dialogs.pas(1023,35) Warning: Symbol "SetPosition" is deprecated: "Use Left, Top, Width, Height properties instead"
fpg_dialogs.pas(1032,33) Warning: Symbol "SetPosition" is deprecated: "Use Left, Top, Width, Height properties instead"
fpg_dialogs.pas(1040,33) Warning: Symbol "SetPosition" is deprecated: "Use Left, Top, Width, Height properties instead"
messagedialog.inc(218,62) Warning: Symbol "SetPosition" is deprecated: "Use Left, Top, Width, Height properties instead"
messagedialog.inc(335,64) Warning: Symbol "SetPosition" is deprecated: "Use Left, Top, Width, Height properties instead"
messagedialog.inc(615,46) Warning: Symbol "SetPosition" is deprecated: "Use Left, Top, Width, Height properties instead"
selectdirdialog.inc(317,32) Warning: Symbol "SetPosition" is deprecated: "Use Left, Top, Width, Height properties instead"
charmapdialog.inc(205,34) Warning: Symbol "SetPosition" is deprecated: "Use Left, Top, Width, Height properties instead"
charmapdialog.inc(215,32) Warning: Symbol "SetPosition" is deprecated: "Use Left, Top, Width, Height properties instead"
charmapdialog.inc(234,34) Warning: Symbol "SetPosition" is deprecated: "Use Left, Top, Width, Height properties instead"
charmapdialog.inc(248,33) Warning: Symbol "SetPosition" is deprecated: "Use Left, Top, Width, Height properties instead"
charmapdialog.inc(259,35) Warning: Symbol "SetPosition" is deprecated: "Use Left, Top, Width, Height properties instead"
charmapdialog.inc(271,33) Warning: Symbol "SetPosition" is deprecated: "Use Left, Top, Width, Height properties instead"
charmapdialog.inc(282,34) Warning: Symbol "SetPosition" is deprecated: "Use Left, Top, Width, Height properties instead"
colordialog.inc(349,34) Warning: Symbol "SetPosition" is deprecated: "Use Left, Top, Width, Height properties instead"
colordialog.inc(359,32) Warning: Symbol "SetPosition" is deprecated: "Use Left, Top, Width, Height properties instead"
colordialog.inc(370,33) Warning: Symbol "SetPosition" is deprecated: "Use Left, Top, Width, Height properties instead"
colordialog.inc(379,33) Warning: Symbol "SetPosition" is deprecated: "Use Left, Top, Width, Height properties instead"
colordialog.inc(388,32) Warning: Symbol "SetPosition" is deprecated: "Use Left, Top, Width, Height properties instead"
colordialog.inc(402,33) Warning: Symbol "SetPosition" is deprecated: "Use Left, Top, Width, Height properties instead"
colordialog.inc(415,31) Warning: Symbol "SetPosition" is deprecated: "Use Left, Top, Width, Height properties instead"
colordialog.inc(425,32) Warning: Symbol "SetPosition" is deprecated: "Use Left, Top, Width, Height properties instead"
colordialog.inc(435,32) Warning: Symbol "SetPosition" is deprecated: "Use Left, Top, Width, Height properties instead"
colordialog.inc(442,33) Warning: Symbol "SetPosition" is deprecated: "Use Left, Top, Width, Height properties instead"
colordialog.inc(451,33) Warning: Symbol "SetPosition" is deprecated: "Use Left, Top, Width, Height properties instead"
colordialog.inc(461,33) Warning: Symbol "SetPosition" is deprecated: "Use Left, Top, Width, Height properties instead"
colordialog.inc(471,33) Warning: Symbol "SetPosition" is deprecated: "Use Left, Top, Width, Height properties instead"
colordialog.inc(481,32) Warning: Symbol "SetPosition" is deprecated: "Use Left, Top, Width, Height properties instead"
colordialog.inc(492,32) Warning: Symbol "SetPosition" is deprecated: "Use Left, Top, Width, Height properties instead"
colordialog.inc(503,32) Warning: Symbol "SetPosition" is deprecated: "Use Left, Top, Width, Height properties instead"
colordialog.inc(514,34) Warning: Symbol "SetPosition" is deprecated: "Use Left, Top, Width, Height properties instead"
colordialog.inc(528,35) Warning: Symbol "SetPosition" is deprecated: "Use Left, Top, Width, Height properties instead"
colordialog.inc(541,34) Warning: Symbol "SetPosition" is deprecated: "Use Left, Top, Width, Height properties instead"
colordialog.inc(552,34) Warning: Symbol "SetPosition" is deprecated: "Use Left, Top, Width, Height properties instead"
inputquerydialog.inc(101,33) Warning: Symbol "SetPosition" is deprecated: "Use Left, Top, Width, Height properties instead"
inputquerydialog.inc(110,31) Warning: Symbol "SetPosition" is deprecated: "Use Left, Top, Width, Height properties instead"
inputquerydialog.inc(121,32) Warning: Symbol "SetPosition" is deprecated: "Use Left, Top, Width, Height properties instead"
inputquerydialog.inc(135,33) Warning: Symbol "SetPosition" is deprecated: "Use Left, Top, Width, Height properties instead"
inputquerydialog.inc(149,33) Warning: Symbol "SetPosition" is deprecated: "Use Left, Top, Width, Height properties instead"
inputintegerdialog.inc(90,33) Warning: Symbol "SetPosition" is deprecated: "Use Left, Top, Width, Height properties instead"
inputintegerdialog.inc(99,31) Warning: Symbol "SetPosition" is deprecated: "Use Left, Top, Width, Height properties instead"
inputintegerdialog.inc(110,32) Warning: Symbol "SetPosition" is deprecated: "Use Left, Top, Width, Height properties instead"
inputintegerdialog.inc(124,31) Warning: Symbol "SetPosition" is deprecated: "Use Left, Top, Width, Height properties instead"
inputintegerdialog.inc(138,33) Warning: Symbol "SetPosition" is deprecated: "Use Left, Top, Width, Height properties instead"
managebookmarksdialog.inc(128,34) Warning: Symbol "SetPosition" is deprecated: "Use Left, Top, Width, Height properties instead"
managebookmarksdialog.inc(138,32) Warning: Symbol "SetPosition" is deprecated: "Use Left, Top, Width, Height properties instead"
managebookmarksdialog.inc(155,33) Warning: Symbol "SetPosition" is deprecated: "Use Left, Top, Width, Height properties instead"
managebookmarksdialog.inc(169,34) Warning: Symbol "SetPosition" is deprecated: "Use Left, Top, Width, Height properties instead"
managebookmarksdialog.inc(183,34) Warning: Symbol "SetPosition" is deprecated: "Use Left, Top, Width, Height properties instead"
managebookmarksdialog.inc(196,35) Warning: Symbol "SetPosition" is deprecated: "Use Left, Top, Width, Height properties instead"
managebookmarksdialog.inc(209,35) Warning: Symbol "SetPosition" is deprecated: "Use Left, Top, Width, Height properties instead"
fpg_memo.pas(719,8) Note: Call to subroutine "operator :=(const source:Variant):AnsiString;" marked as inline is not inlined
fpg_memo.pas(1126,3) Note: Local variable "ls" not used
Compiling C:\gitdev\nexus\lib\fpgui\framework\src\main\pascal\gui\fpg_hint.pas
fpg_hint.pas(52,17) Warning: An inherited method is hidden by "SetFontDesc(const AnsiString);"
Compiling C:\gitdev\nexus\lib\fpgui\framework\src\main\pascal\corelib\fpg_imgutils.pas
Compiling C:\gitdev\nexus\lib\fpgui\framework\src\main\pascal\gui\fpg_dnd_window.pas
fpg_dnd_window.pas(67,43) Warning: Symbol "SetPosition" is deprecated: "Use Left, Top, Width, Height properties instead"
Compiling C:\gitdev\nexus\lib\fpgui\framework\src\main\pascal\gui\fpg_stylemanager.pas
fpg_stylemanager.pas(212,22) Warning: function result variable of a managed type does not seem to be initialized
Compiling C:\gitdev\nexus\lib\fpgui\framework\src\main\pascal\gui\fpg_style_win2k.pas
Compiling C:\gitdev\nexus\lib\fpgui\framework\src\main\pascal\gui\fpg_style.pas
Compiling C:\gitdev\nexus\lib\fpgui\framework\src\main\pascal\gui\fpg_style_motif.pas
Compiling C:\gitdev\nexus\lib\fpgui\framework\src\main\pascal\gui\fpg_style_carbon.pas
Compiling C:\gitdev\nexus\lib\fpgui\framework\src\main\pascal\gui\fpg_style_plastic.pas
Compiling C:\gitdev\nexus\lib\fpgui\framework\src\main\pascal\gui\fpg_style_fusion.pas
fpg_style_fusion.pas(454,3) Note: Local variable "cx" not used
fpg_style_fusion.pas(454,7) Note: Local variable "cy" not used
Compiling C:\gitdev\nexus\lib\fpgui\framework\src\main\pascal\corelib\fpg_async.pas
fpg_main.pas(664,7) Note: Call to subroutine "function TFPGObjectList<fpg_base.TfpgMimeDataItem>.GetEnumerator:TFPGListEnumerator$1<FPG_BASE.TfpgMimeDataItem>;" marked as inline is not inlined
fpg_msgqueue.inc(299,3) Note: Local variable "removed" not used
fpg_main.pas(2126,59) Warning: Symbol "DrawButtonFace" is deprecated: "Use fpgStyle instead. Since: 2026-04-01"
fpg_main.pas(2136,55) Warning: Symbol "DrawBevel" is deprecated: "Use fpgStyle instead. Since: 2026-04-01"
fpg_main.pas(2146,66) Warning: Symbol "DrawDirectionArrow" is deprecated: "Use fpgStyle instead. Since: 2026-04-01"
fpg_main.pas(2359,4) Note: User defined: Refactor this so under Windows it can detect the system colors instead.    Also under Linux (KDE and Gnome) we should be able to detect the system colors.
fpg_main.pas(3210,6) Note: User defined: This occurs every now and again with TfpgMemo and CaretInvert painting! 
fpg_main.pas(3486,4) Note: User defined: These exception messages need to become resource strings 
Compiling C:\gitdev\nexus\lib\fpgui\framework\src\main\pascal\corelib\gdi\fpg_gdi_agg_fontresource.pas
fpg_gdi_agg_fontresource.pas(181,3) Note: Local variable "engine" not used
fpg_gdi_agg_fontresource.pas(334,3) Note: Local variable "minX" is assigned but never used
fpg_gdi_agg_fontresource.pas(334,9) Note: Local variable "minY" is assigned but never used
fpg_gdi_agg_fontresource.pas(334,15) Note: Local variable "maxX" is assigned but never used
fpg_gdi_agg_fontresource.pas(334,21) Note: Local variable "maxY" is assigned but never used
Compiling C:\gitdev\nexus\lib\fpgui\framework\src\main\pascal\corelib\gdi\fpg_gdi_wakechannel.pas
fpg_gdi.pas(629,56) Warning: Comparison might be always true due to range of constant and expression
fpg_gdi.pas(1057,19) Warning: Comment level 2 found
fpg_gdi.pas(828,3) Note: Local variable "pw" not used
fpg_gdi.pas(841,3) Note: Local variable "lprc" not used
fpg_gdi.pas(1488,52) Note: Call to subroutine "operator :=(const source:LongInt):Variant;" marked as inline is not inlined
fpg_gdi.pas(1489,5) Note: Call to subroutine "function TFPGObjectList<fpg_base.TfpgMimeDataItem>.Add(const Item:TfpgMimeDataItem):LongInt;" marked as inline is not inlined
fpg_gdi.pas(1512,23) Note: Call to subroutine "operator :=(const source:AnsiString):Variant;" marked as inline is not inlined
fpg_gdi.pas(1990,24) Warning: Function result does not seem to be set
fpg_gdi.pas(2869,28) Warning: Symbol "TfpgGDICanvas" is deprecated: "Native GDI canvas superseded by THybridCanvas (AggCanvas). Will be removed in a future release."
fpg_gdi.pas(2894,18) Warning: Symbol "TfpgGDICanvas" is deprecated: "Native GDI canvas superseded by THybridCanvas (AggCanvas). Will be removed in a future release."
fpg_gdi.pas(3158,28) Warning: Symbol "TfpgGDICanvas" is deprecated: "Native GDI canvas superseded by THybridCanvas (AggCanvas). Will be removed in a future release."
fpg_gdi.pas(3176,47) Warning: Symbol "TfpgGDICanvas" is deprecated: "Native GDI canvas superseded by THybridCanvas (AggCanvas). Will be removed in a future release."
fpg_gdi.pas(3180,27) Warning: Symbol "TfpgGDICanvas" is deprecated: "Native GDI canvas superseded by THybridCanvas (AggCanvas). Will be removed in a future release."
fpg_gdi.pas(3200,20) Warning: Symbol "TfpgGDICanvas" is deprecated: "Native GDI canvas superseded by THybridCanvas (AggCanvas). Will be removed in a future release."
fpg_gdi.pas(3201,21) Warning: Symbol "TfpgGDICanvas" is deprecated: "Native GDI canvas superseded by THybridCanvas (AggCanvas). Will be removed in a future release."
fpg_gdi.pas(3202,21) Warning: Symbol "TfpgGDICanvas" is deprecated: "Native GDI canvas superseded by THybridCanvas (AggCanvas). Will be removed in a future release."
fpg_gdi.pas(3203,42) Warning: Symbol "TfpgGDICanvas" is deprecated: "Native GDI canvas superseded by THybridCanvas (AggCanvas). Will be removed in a future release."
fpg_gdi.pas(3218,3) Note: Local variable "ROP_DSPDxax" not used
fpg_gdi.pas(3744,8) Note: User defined: OLE DND: We are only handling strings at the moment, this needs to be extended to other types too 
fpg_gdi.pas(3760,15) Note: Call to subroutine "operator :=(const source:Variant):AnsiString;" marked as inline is not inlined
fpg_gdi.pas(3779,17) Note: Call to subroutine "operator :=(const source:Variant):AnsiString;" marked as inline is not inlined
fpg_gdi.pas(3816,26) Warning: Function result does not seem to be set
fpg_gdi.pas(3822,26) Warning: Function result does not seem to be set
fpg_gdi.pas(3828,26) Warning: Function result does not seem to be set
fpg_gdi.pas(3833,26) Warning: Function result does not seem to be set
fpg_gdi.pas(398,3) Note: Local variable "MouseFocusedWH" is assigned but never used
fpg_oledragdrop.pas(683,26) Warning: Conversion between ordinals and pointers is not portable
fgl.pp(1152,5) Note: Call to subroutine "function TFPGObjectList<fpg_base.TfpgMimeDataItem>.Add(const Item:TfpgMimeDataItem):LongInt;" marked as inline is not inlined
fgl.pp(1152,18) Note: Call to subroutine "function TFPGObjectList<fpg_base.TfpgMimeDataItem>.Get(Index:LongInt):TfpgMimeDataItem;" marked as inline is not inlined
fpg_base.pas(1525,20) Warning: Comparison might be always true due to range of constant and expression
fpg_base.pas(1671,14) Note: Call to subroutine "operator :=(const source:UCS4String):Variant;" marked as inline is not inlined
fpg_base.pas(4650,58) Note: Call to subroutine "operator :=(const source:QWord):Variant;" marked as inline is not inlined
fpg_base.pas(4671,42) Note: Call to subroutine "operator :=(const source:Variant):QWord;" marked as inline is not inlined
fpg_base.pas(4702,20) Note: Call to subroutine "operator :=(const source:Variant):AnsiString;" marked as inline is not inlined
fpg_base.pas(4725,55) Note: Call to subroutine "operator :=(const source:AnsiString):Variant;" marked as inline is not inlined
fpg_base.pas(4739,20) Note: Call to subroutine "operator :=(const source:Variant):AnsiString;" marked as inline is not inlined
fpg_base.pas(4762,54) Note: Call to subroutine "operator :=(const source:AnsiString):Variant;" marked as inline is not inlined
fpg_base.pas(817,17) Note: Private property "TfpgApplicationBase.CmdLineParams" never used
Linking target\FpGUIHello.exe
137325 lines compiled, 7.0 sec, 865952 bytes code, 150052 bytes data
171 warning(s) issued
91 note(s) issued
